// Jest Snapshot v1, https://goo.gl/fbAQLP

exports[`Grid 1`] = `
@media (min-width:640px) {
  .c0 {
    display: grid;
    grid-template-columns: repeat(4,1fr);
    grid-template-rows: repeat(2,1fr);
    grid-column-gap: 8px;
    grid-row-gap: 8px;
  }
}

<div
  className="c0"
>
  Component
</div>
`;
